  calibration ✓ en-têtes REGROUPÉS puis AssertionError : MORD (attendu MORD)
  calibration ✓ plantage (TypeError) : PAS-ASSERTION (attendu PAS-ASSERTION)
  calibration ✓ matcher jest-dom (Error, pas AssertionError) : PAS-ASSERTION (attendu PAS-ASSERTION)
  calibration ✓ rien d'exécuté sous filtre : NON-DÉMARRÉE (attendu NON-DÉMARRÉE)
  calibration ✓ autre version : VERSION (attendu VERSION)
  calibration ✓ crochet en échec (bloc de FICHIER, 1 skipped) : NON-DÉMARRÉE (attendu NON-DÉMARRÉE)
  calibration ✓ le titre attendu n'échoue pas (un autre, si) : SANS-TITRE (attendu SANS-TITRE)
  calibration : 7 bras · 0 manqué(s) (attendu 0)
cibles : 15 déclarées · 15 jouées (unit)
  pré-vol calendrier : code 0 · passés 13 · en échec 0
  pré-vol garde-connexion : code 0 · passés 5 · en échec 0
  pré-vol garde-surveillance : code 0 · passés 3 · en échec 0
  pré-vol panneau : code 0 · passés 21 · en échec 0
  pré-vol routes-pro : code 0 · passés 2 · en échec 0
✓ R29-1. C-b : un jour TOUT PRIS redevient choisissable (« au moins un créneau » au lieu de « un créneau LIBRE »)
   ancre 1→0 · marqueur 0→1 · code 1 · passés 9 · en échec 4 · AssertionError: expected true to be false // Object.is equality
✓ R29-2. C-e : en arabe, la flèche droite AVANCE — elle va à l'envers de ce que l'œil voit
   ancre 1→0 · marqueur 0→1 · code 1 · passés 12 · en échec 1 · AssertionError: expected '2027-08-11' to be '2027-08-09' // Object.is equality
✓ R29-3. C-c : la navigation s'arrête un mois AVANT la fin de la fenêtre
   ancre 1→0 · marqueur 0→1 · code 1 · passés 12 · en échec 1 · AssertionError: expected '2027-12' to be '2028-01' // Object.is equality
✓ R29-4. C-a : le calendrier s'ouvre sur un mois sans date libre alors que le suivant en a
   ancre 1→0 · marqueur 0→1 · code 1 · passés 12 · en échec 1 · AssertionError: expected { year: 2027, month: 8 } to deeply equal { year: 2027, month: 9 }
✓ R29-5. ⛔ C-j : LE DÉFAUT RESTAURÉ — tous les mois de la fenêtre rendus d'un coup
   ancre 1→0 · marqueur 0→1 · code 1 · passés 20 · en échec 1 · AssertionError: expected 186 to be less than or equal to 33
✓ R29-6. C-b : une date indisponible redevient activable
   ancre 1→0 · marqueur 0→1 · code 1 · passés 20 · en échec 1 · AssertionError: expected false to be true // Object.is equality
✓ R29-7. C-f : un jour ne se nomme plus que par son numéro — ni la date entière, ni son état
   ancre 1→0 · marqueur 0→1 · code 1 · passés 5 · en échec 16 · AssertionError: expected [ '2' ] to deeply equal [ 'lundi 2 août 2027, disponible' ]
✓ R29-8. C-e : chaque jour est un arrêt de tabulation — la grille se traverse au Tab, jour par jour
   ancre 1→0 · marqueur 0→1 · code 1 · passés 19 · en échec 2 · AssertionError: expected [ …(31) ] to deeply equal [ 'lundi 2 août 2027, disponible' ]
✓ R29-9. C-d : le jour cliqué n'est pas celui dont les créneaux s'affichent (et s'envoient)
   ancre 1→0 · marqueur 0→1 · code 1 · passés 20 · en échec 1 · AssertionError: expected false to be true // Object.is equality
✓ R29-10. L-a : le libellé du palier n'est plus ASSOCIÉ à son champ
   ancre 1→0 · marqueur 0→1 · code 1 · passés 20 · en échec 1 · AssertionError: expected [ Array(1) ] to deeply equal []
✓ R29-11. L-b : le nombre d'invités n'est plus déclaré obligatoire (D32)
   ancre 1→0 · marqueur 0→1 · code 1 · passés 20 · en échec 1 · AssertionError: expected false to be true // Object.is equality
✓ R29-12. ⛔ P-a : un littéral de connexion posé AILLEURS (l'en-tête du site)
   ancre 1→0 · marqueur 0→1 · code 1 · passés 4 · en échec 1 · AssertionError: expected [ Array(1) ] to deeply equal []
✓ R29-13. P-c : le Pro change sa page de connexion, le lien du client vise l'ancienne
   ancre 1→0 · marqueur 0→1 · code 1 · passés 3 · en échec 2 · AssertionError: expected '/auth/se-connecter' to be '/auth/connexion' // Object.is equality
✓ R29-14. P-b : la route du Pro à LOGIN_PATH ne rend plus la page de connexion
   ancre 1→0 · marqueur 1→2 · code 1 · passés 0 · en échec 2 · AssertionError: expected 'Mot de passe oublié' to be 'Connexion' // Object.is equality
✓ R29-15. ⛔ G-a : LE DÉFAUT DE D317 RESTAURÉ — l'API de l'e2e relancée par `run dev` (nest start --watch)
   ancre 1→0 · marqueur 0→1 · code 1 · passés 2 · en échec 1 · AssertionError: expected [ …(3) ] to deeply equal [ …(3) ]
  empreintes : 7 fichier(s) ciblé(s) comparé(s) au départ · 0 différent(s) (attendu 0)

15 garde(s) mordue(s) sur 15 cible(s) jouée(s) · 0 non mesurée(s) (attendu : 15 sur 15)
arbre rendu à son état de départ : vérifié.
campagne r29 code=0 durée=142s
