
 RUN  v3.2.7 C:/Users/benla/Desktop/MyProjct/Zwadj/apps/client

 ❯ src/components/venue/booking-date-picker.test.tsx (11 tests | 1 failed) 305ms
   ✓ Calendrier du panneau — les noms dans la LANGUE DE LA PAGE (rang 30, D322, N-a à N-d) > les attendus discriminent : le 1er août 2027 est un dimanche, et chaque nom diffère entre français et arabe 4ms
   ✓ Calendrier du panneau — les noms dans la LANGUE DE LA PAGE (rang 30, D322, N-a à N-d) > fr : le mois, les sept en-têtes et le nom d'un jour sortent dans la langue de la page 142ms
   × Calendrier du panneau — les noms dans la LANGUE DE LA PAGE (rang 30, D322, N-a à N-d) > ar : le mois, les sept en-têtes et le nom d'un jour sortent dans la langue de la page 59ms
     → expected +0 to be 1 // Object.is equality
   ✓ Calendrier du panneau — les noms dans la LANGUE DE LA PAGE (rang 30, D322, N-a à N-d) > arabe : aucun nom de mois ni de jour en lettres latines — un contrôle qui ne doit rien à `Intl` 21ms
   ✓ Calendrier du panneau — les noms dans la LANGUE DE LA PAGE (rang 30, D322, N-a à N-d) > français : aucun nom en écriture arabe — le bras symétrique 19ms
   ✓ N-b — calibration du relevé des noms écrits en dur, deux bras (D286) > bras ROUGE : une liste de jours en français, un mois en arabe, un nom dans un gabarit et dans du texte JSX se voient 6ms
   ✓ N-b — calibration du relevé des noms écrits en dur, deux bras (D286) > bras VERT : un commentaire qui cite les jours, des mots voisins, des clés — rien 7ms
   ✓ N-b — aucun nom de jour ni de mois écrit en dur dans le code du calendrier (rang 30, D322) > le relevé a lu les cinq fichiers, et des littéraux dans chacun (D290) 0ms
   ✓ N-b — aucun nom de jour ni de mois écrit en dur dans le code du calendrier (rang 30, D322) > N-b : aucun littéral ne porte un nom de jour ou de mois — ils viennent d'`Intl`, dans la langue de la page 0ms
   ✓ Calendrier du panneau — le WEEK-END mis en avant est celui du produit, `WEEKEND_DAYS` (D56 ; W-a, W-b, W-d) > fr : chaque jour d'août 2027 porte « is-weekend » si et seulement si l'autorité le dit 22ms
   ✓ Calendrier du panneau — le WEEK-END mis en avant est celui du produit, `WEEKEND_DAYS` (D56 ; W-a, W-b, W-d) > ar : chaque jour d'août 2027 porte « is-weekend » si et seulement si l'autorité le dit 21ms

 Test Files  1 failed (1)
      Tests  1 failed | 10 passed (11)
   Start at  16:27:11
   Duration  3.83s (transform 253ms, setup 228ms, collect 1.43s, tests 305ms, environment 1.19s, prepare 254ms)

undefined
C:\Users\benla\Desktop\MyProjct\Zwadj\apps\client:
 ERR_PNPM_RECURSIVE_EXEC_FIRST_FAIL  Command failed with exit code 1: vitest run src/components/venue/booking-date-picker.test.tsx


⎯⎯⎯⎯⎯⎯⎯ Failed Tests 1 ⎯⎯⎯⎯⎯⎯⎯

 FAIL  src/components/venue/booking-date-picker.test.tsx > Calendrier du panneau — les noms dans la LANGUE DE LA PAGE (rang 30, D322, N-a à N-d) > ar : le mois, les sept en-têtes et le nom d'un jour sortent dans la langue de la page
AssertionError: expected +0 to be 1 // Object.is equality

- Expected
+ Received

- 1
+ 0

 ❯ src/components/venue/booking-date-picker.test.tsx:78:67
     76|     );
     77|     const nom = messages[l].venueDetail.booking.dayFree.replace("{date…
     78|     expect(screen.queryAllByRole("button", { name: nom }).length).toBe…
       |                                                                   ^
     79|   });
     80| 

⎯⎯⎯⎯⎯⎯⎯⎯⎯⎯⎯⎯⎯⎯⎯⎯⎯⎯⎯⎯⎯⎯⎯⎯[1/1]⎯

