
[1/28] neutralisation\neutralize-404.py …
    sortie=0  12 mordue(s), 0 muette(s)/erreur(s), 0 non mesurée(s)

[2/28] neutralisation\neutralize-act-plafonds.py …
    sortie=0  4 mordue(s), 0 muette(s)/erreur(s), 0 non mesurée(s)

[3/28] neutralisation\neutralize-argon2.py …
    sortie=0  3 mordue(s), 0 muette(s)/erreur(s), 0 non mesurée(s)

[4/28] neutralisation\neutralize-available-on-api.py …
    sortie=0  13 mordue(s), 0 muette(s)/erreur(s), 0 non mesurée(s)

[5/28] neutralisation\neutralize-available-on.py …
    sortie=0  10 mordue(s), 0 muette(s)/erreur(s), 0 non mesurée(s)

[6/28] neutralisation\neutralize-b7.py …
    sortie=0  3 mordue(s), 0 muette(s)/erreur(s), 0 non mesurée(s)

[7/28] neutralisation\neutralize-booking-status.py …
    sortie=0  3 mordue(s), 0 muette(s)/erreur(s), 0 non mesurée(s)

[8/28] neutralisation\neutralize-budgets.py …
    sortie=0  4 mordue(s), 0 muette(s)/erreur(s), 0 non mesurée(s)

[9/28] neutralisation\neutralize-e3d1-s8.py …
    sortie=3  3 mordue(s), 0 muette(s)/erreur(s), 5 non mesurée(s)

[10/28] neutralisation\neutralize-horizon.py …
    sortie=0  6 mordue(s), 0 muette(s)/erreur(s), 0 non mesurée(s)

[11/28] neutralisation\neutralize-horloge.py …
    sortie=0  2 mordue(s), 0 muette(s)/erreur(s), 0 non mesurée(s)

[12/28] neutralisation\neutralize-journey.py …
    sortie=0  7 mordue(s), 0 muette(s)/erreur(s), 0 non mesurée(s)

[13/28] neutralisation\neutralize-maxprice.py …
    sortie=0  10 mordue(s), 0 muette(s)/erreur(s), 0 non mesurée(s)

[14/28] neutralisation\neutralize-r4.py …
    sortie=0  2 mordue(s), 0 muette(s)/erreur(s), 0 non mesurée(s)

[15/28] neutralisation\neutralize-rang23.py …
    sortie=0  12 mordue(s), 0 muette(s)/erreur(s), 0 non mesurée(s)

[16/28] neutralisation\neutralize-s10a.py …
    sortie=0  13 mordue(s), 0 muette(s)/erreur(s), 0 non mesurée(s)

[17/28] neutralisation\neutralize-s10b.py …
    sortie=0  20 mordue(s), 0 muette(s)/erreur(s), 0 non mesurée(s)

[18/28] neutralisation\neutralize-s11a.py …
    sortie=0  18 mordue(s), 0 muette(s)/erreur(s), 0 non mesurée(s)

[19/28] neutralisation\neutralize-s11b.py …
    sortie=3  9 mordue(s), 0 muette(s)/erreur(s), 4 non mesurée(s)

[20/28] neutralisation\neutralize-s9.py …
    sortie=0  6 mordue(s), 0 muette(s)/erreur(s), 0 non mesurée(s)

[21/28] neutralisation\neutralize-solid-s1.py …
    sortie=0  2 mordue(s), 0 muette(s)/erreur(s), 0 non mesurée(s)

[22/28] neutralisation\neutralize-solid-s2.py …
    sortie=0  5 mordue(s), 0 muette(s)/erreur(s), 0 non mesurée(s)

[23/28] neutralisation\neutralize-solid-s3.py …
    sortie=0  6 mordue(s), 0 muette(s)/erreur(s), 0 non mesurée(s)

[24/28] neutralisation\neutralize-solid-s4.py …
    sortie=0  7 mordue(s), 0 muette(s)/erreur(s), 0 non mesurée(s)

[25/28] neutralisation\neutralize-solid-s5a.py …
    sortie=0  9 mordue(s), 0 muette(s)/erreur(s), 0 non mesurée(s)

[26/28] neutralisation\neutralize-solid-s5b.py …
    sortie=0  5 mordue(s), 0 muette(s)/erreur(s), 0 non mesurée(s)

[27/28] neutralisation\neutralize-solid-s6.py …
    sortie=3  2 mordue(s), 0 muette(s)/erreur(s), 4 non mesurée(s)

[28/28] neutralisation\neutralize-solid-s7.py …
    sortie=0  2 mordue(s), 0 muette(s)/erreur(s), 0 non mesurée(s)

================================================================================================
campagne                           sortie  décl  mord  muet  nonm   sec
================================================================================================
neutralize-404.py                       0     —    12     0     0   204
neutralize-act-plafonds.py              0     4     4     0     0    53
neutralize-argon2.py                    0     3     3     0     0    16
neutralize-available-on-api.py          0     —    13     0     0     0
neutralize-available-on.py              0     —    10     0     0   169
neutralize-b7.py                        0     3     3     0     0   211
neutralize-booking-status.py            0     3     3     0     0    16
neutralize-budgets.py                   0     4     4     0     0    31
neutralize-e3d1-s8.py                   3     3     3     0     5    31
neutralize-horizon.py                   0     —     6     0     0    94
neutralize-horloge.py                   0     2     2     0     0    54
neutralize-journey.py                   0     —     7     0     0   227
neutralize-maxprice.py                  0     —    10     0     0   167
neutralize-r4.py                        0     —     2     0     0    76
neutralize-rang23.py                    0    12    12     0     0   590
neutralize-s10a.py                      0    13    13     0     0    68
neutralize-s10b.py                      0    20    20     0     0    92
neutralize-s11a.py                      0    18    18     0     0    62
neutralize-s11b.py                      3     9     9     0     4    31
neutralize-s9.py                        0     6     6     0     0    45
neutralize-solid-s1.py                  0     2     2     0     0    30
neutralize-solid-s2.py                  0     5     5     0     0    32
neutralize-solid-s3.py                  0     6     6     0     0    23
neutralize-solid-s4.py                  0     —     7     0     0    28
neutralize-solid-s5a.py                 0     —     9     0     0    38
neutralize-solid-s5b.py                 0     —     5     0     0   313
neutralize-solid-s6.py                  3     2     2     0     4    10
neutralize-solid-s7.py                  0     —     2     0     0    96
================================================================================================
MESURÉ : 198 garde(s) mordue(s) · 0 muette(s)/erreur(s) · 13 non mesurée(s) · 28 campagne(s) · 2807s
journaux : .neutralisation-journaux/ (ignoré par git)
  ⚠ neutralisation\neutralize-e3d1-s8.py → sortie 3
  ⚠ neutralisation\neutralize-s11b.py → sortie 3
  ⚠ neutralisation\neutralize-solid-s6.py → sortie 3
