
 RUN  v3.2.7 C:/Users/benla/Desktop/MyProjct/Zwadj/docs/preuves/D291/calibration

 ❯ delai.test.mjs (1 test | 1 failed) 114ms
   × ne se resout jamais 113ms
     → Test timed out in 100ms.
If this is a long-running test, pass a timeout value as the last argument or configure it globally with "testTimeout".

⎯⎯⎯⎯⎯⎯⎯ Failed Tests 1 ⎯⎯⎯⎯⎯⎯⎯

 FAIL  delai.test.mjs > ne se resout jamais
Error: Test timed out in 100ms.
If this is a long-running test, pass a timeout value as the last argument or configure it globally with "testTimeout".
 ❯ delai.test.mjs:5:1
      3| // exactement UN « Test timed out in 100ms » et un resume « 1 failed (…
      4| // Lance par vitest.CMD de apps/client (meme version que la suite mesu…
      5| it("ne se resout jamais", () => new Promise(() => {}));
       | ^
      6| 

⎯⎯⎯⎯⎯⎯⎯⎯⎯⎯⎯⎯⎯⎯⎯⎯⎯⎯⎯⎯⎯⎯⎯⎯[1/1]⎯


 Test Files  1 failed (1)
      Tests  1 failed (1)
   Start at  02:32:53
   Duration  758ms (transform 24ms, setup 0ms, collect 11ms, tests 114ms, environment 0ms, prepare 241ms)

