
[1/32] neutralisation\neutralize-404.py …
    sortie=0  12 mordue(s), 0 muette(s)/erreur(s), 0 non mesurée(s)

[2/32] neutralisation\neutralize-act-plafonds.py …
    sortie=0  4 mordue(s), 0 muette(s)/erreur(s), 0 non mesurée(s)

[3/32] neutralisation\neutralize-argon2.py …
    sortie=0  3 mordue(s), 0 muette(s)/erreur(s), 0 non mesurée(s)

[4/32] neutralisation\neutralize-available-on-api.py …
    sortie=0  13 mordue(s), 0 muette(s)/erreur(s), 0 non mesurée(s)

[5/32] neutralisation\neutralize-available-on.py …
    sortie=0  10 mordue(s), 0 muette(s)/erreur(s), 0 non mesurée(s)

[6/32] neutralisation\neutralize-b7.py …
    sortie=0  3 mordue(s), 0 muette(s)/erreur(s), 0 non mesurée(s)

[7/32] neutralisation\neutralize-booking-status.py …
    sortie=0  3 mordue(s), 0 muette(s)/erreur(s), 0 non mesurée(s)

[8/32] neutralisation\neutralize-budgets.py …
    sortie=0  4 mordue(s), 0 muette(s)/erreur(s), 0 non mesurée(s)

[9/32] neutralisation\neutralize-e3d1-s8.py …
    sortie=3  3 mordue(s), 0 muette(s)/erreur(s), 5 non mesurée(s)

[10/32] neutralisation\neutralize-horizon.py …
    sortie=0  6 mordue(s), 0 muette(s)/erreur(s), 0 non mesurée(s)

[11/32] neutralisation\neutralize-horloge.py …
    sortie=0  2 mordue(s), 0 muette(s)/erreur(s), 0 non mesurée(s)

[12/32] neutralisation\neutralize-journey.py …
    sortie=0  7 mordue(s), 0 muette(s)/erreur(s), 0 non mesurée(s)

[13/32] neutralisation\neutralize-maxprice.py …
    sortie=0  10 mordue(s), 0 muette(s)/erreur(s), 0 non mesurée(s)

[14/32] neutralisation\neutralize-r25.py …
    sortie=3  7 mordue(s), 0 muette(s)/erreur(s), 4 non mesurée(s)

[15/32] neutralisation\neutralize-r26.py …
    sortie=3  0 mordue(s), 0 muette(s)/erreur(s), 4 non mesurée(s)

[16/32] neutralisation\neutralize-r29.py …
    sortie=0  15 mordue(s), 0 muette(s)/erreur(s), 0 non mesurée(s)

[17/32] neutralisation\neutralize-r30.py …
    sortie=0  8 mordue(s), 0 muette(s)/erreur(s), 0 non mesurée(s)

[18/32] neutralisation\neutralize-r4.py …
    sortie=0  2 mordue(s), 0 muette(s)/erreur(s), 0 non mesurée(s)

[19/32] neutralisation\neutralize-rang23.py …
    sortie=0  12 mordue(s), 0 muette(s)/erreur(s), 0 non mesurée(s)

[20/32] neutralisation\neutralize-s10a.py …
    sortie=0  13 mordue(s), 0 muette(s)/erreur(s), 0 non mesurée(s)

[21/32] neutralisation\neutralize-s10b.py …
    sortie=0  20 mordue(s), 0 muette(s)/erreur(s), 0 non mesurée(s)

[22/32] neutralisation\neutralize-s11a.py …
    sortie=0  18 mordue(s), 0 muette(s)/erreur(s), 0 non mesurée(s)

[23/32] neutralisation\neutralize-s11b.py …
    sortie=3  9 mordue(s), 0 muette(s)/erreur(s), 4 non mesurée(s)

[24/32] neutralisation\neutralize-s9.py …
    sortie=0  6 mordue(s), 0 muette(s)/erreur(s), 0 non mesurée(s)

[25/32] neutralisation\neutralize-solid-s1.py …
    sortie=0  2 mordue(s), 0 muette(s)/erreur(s), 0 non mesurée(s)

[26/32] neutralisation\neutralize-solid-s2.py …
    sortie=0  5 mordue(s), 0 muette(s)/erreur(s), 0 non mesurée(s)

[27/32] neutralisation\neutralize-solid-s3.py …
    sortie=0  6 mordue(s), 0 muette(s)/erreur(s), 0 non mesurée(s)

[28/32] neutralisation\neutralize-solid-s4.py …
    sortie=0  7 mordue(s), 0 muette(s)/erreur(s), 0 non mesurée(s)

[29/32] neutralisation\neutralize-solid-s5a.py …
    sortie=0  9 mordue(s), 0 muette(s)/erreur(s), 0 non mesurée(s)

[30/32] neutralisation\neutralize-solid-s5b.py …
    sortie=0  5 mordue(s), 0 muette(s)/erreur(s), 0 non mesurée(s)

[31/32] neutralisation\neutralize-solid-s6.py …
    sortie=3  2 mordue(s), 0 muette(s)/erreur(s), 4 non mesurée(s)

[32/32] neutralisation\neutralize-solid-s7.py …
    sortie=0  2 mordue(s), 0 muette(s)/erreur(s), 0 non mesurée(s)

================================================================================================
campagne                           sortie  décl  mord  muet  nonm   sec
================================================================================================
neutralize-404.py                       0     —    12     0     0   258
neutralize-act-plafonds.py              0     4     4     0     0    53
neutralize-argon2.py                    0     3     3     0     0    16
neutralize-available-on-api.py          0    13    13     0     0   107
neutralize-available-on.py              0     —    10     0     0   213
neutralize-b7.py                        0     3     3     0     0   213
neutralize-booking-status.py            0     3     3     0     0    16
neutralize-budgets.py                   0     4     4     0     0    32
neutralize-e3d1-s8.py                   3     3     3     0     5    30
neutralize-horizon.py                   0     —     6     0     0   114
neutralize-horloge.py                   0     2     2     0     0    54
neutralize-journey.py                   0     —     7     0     0   266
neutralize-maxprice.py                  0     —    10     0     0   213
neutralize-r25.py                       3     7     7     0     4    72
neutralize-r26.py                       3     0     0     0     4     0
neutralize-r29.py                       0    15    15     0     0   131
neutralize-r30.py                       0     8     8     0     0    60
neutralize-r4.py                        0     —     2     0     0    67
neutralize-rang23.py                    0    12    12     0     0   530
neutralize-s10a.py                      0    13    13     0     0    70
neutralize-s10b.py                      0    20    20     0     0    96
neutralize-s11a.py                      0    18    18     0     0    64
neutralize-s11b.py                      3     9     9     0     4    33
neutralize-s9.py                        0     6     6     0     0    46
neutralize-solid-s1.py                  0     2     2     0     0    31
neutralize-solid-s2.py                  0     5     5     0     0    33
neutralize-solid-s3.py                  0     6     6     0     0    25
neutralize-solid-s4.py                  0     —     7     0     0    29
neutralize-solid-s5a.py                 0     —     9     0     0    39
neutralize-solid-s5b.py                 0     —     5     0     0   283
neutralize-solid-s6.py                  3     2     2     0     4    10
neutralize-solid-s7.py                  0     —     2     0     0   109
================================================================================================
MESURÉ : 228 garde(s) mordue(s) · 0 muette(s)/erreur(s) · 21 non mesurée(s) · 32 campagne(s) · 3313s
journaux : .neutralisation-journaux/ (ignoré par git)
  ⚠ neutralisation\neutralize-e3d1-s8.py → sortie 3
  ⚠ neutralisation\neutralize-r25.py → sortie 3
  ⚠ neutralisation\neutralize-r26.py → sortie 3
  ⚠ neutralisation\neutralize-s11b.py → sortie 3
  ⚠ neutralisation\neutralize-solid-s6.py → sortie 3
