
[1/30] neutralisation\neutralize-404.py …
    sortie=0  12 mordue(s), 0 muette(s)/erreur(s), 0 non mesurée(s)

[2/30] neutralisation\neutralize-act-plafonds.py …
    sortie=0  4 mordue(s), 0 muette(s)/erreur(s), 0 non mesurée(s)

[3/30] neutralisation\neutralize-argon2.py …
    sortie=0  3 mordue(s), 0 muette(s)/erreur(s), 0 non mesurée(s)

[4/30] neutralisation\neutralize-available-on-api.py …
    sortie=0  13 mordue(s), 0 muette(s)/erreur(s), 0 non mesurée(s)

[5/30] neutralisation\neutralize-available-on.py …
    sortie=0  10 mordue(s), 0 muette(s)/erreur(s), 0 non mesurée(s)

[6/30] neutralisation\neutralize-b7.py …
    sortie=0  3 mordue(s), 0 muette(s)/erreur(s), 0 non mesurée(s)

[7/30] neutralisation\neutralize-booking-status.py …
    sortie=0  3 mordue(s), 0 muette(s)/erreur(s), 0 non mesurée(s)

[8/30] neutralisation\neutralize-budgets.py …
    sortie=0  4 mordue(s), 0 muette(s)/erreur(s), 0 non mesurée(s)

[9/30] neutralisation\neutralize-e3d1-s8.py …
    sortie=3  3 mordue(s), 0 muette(s)/erreur(s), 5 non mesurée(s)

[10/30] neutralisation\neutralize-horizon.py …
    sortie=0  6 mordue(s), 0 muette(s)/erreur(s), 0 non mesurée(s)

[11/30] neutralisation\neutralize-horloge.py …
    sortie=0  2 mordue(s), 0 muette(s)/erreur(s), 0 non mesurée(s)

[12/30] neutralisation\neutralize-journey.py …
    sortie=0  7 mordue(s), 0 muette(s)/erreur(s), 0 non mesurée(s)

[13/30] neutralisation\neutralize-maxprice.py …
    sortie=0  10 mordue(s), 0 muette(s)/erreur(s), 0 non mesurée(s)

[14/30] neutralisation\neutralize-r25.py …
    sortie=3  7 mordue(s), 0 muette(s)/erreur(s), 4 non mesurée(s)

[15/30] neutralisation\neutralize-r26.py …
    sortie=3  0 mordue(s), 0 muette(s)/erreur(s), 2 non mesurée(s)

[16/30] neutralisation\neutralize-r4.py …
    sortie=0  2 mordue(s), 0 muette(s)/erreur(s), 0 non mesurée(s)

[17/30] neutralisation\neutralize-rang23.py …
    sortie=0  12 mordue(s), 0 muette(s)/erreur(s), 0 non mesurée(s)

[18/30] neutralisation\neutralize-s10a.py …
    sortie=0  13 mordue(s), 0 muette(s)/erreur(s), 0 non mesurée(s)

[19/30] neutralisation\neutralize-s10b.py …
    sortie=0  20 mordue(s), 0 muette(s)/erreur(s), 0 non mesurée(s)

[20/30] neutralisation\neutralize-s11a.py …
    sortie=0  18 mordue(s), 0 muette(s)/erreur(s), 0 non mesurée(s)

[21/30] neutralisation\neutralize-s11b.py …
    sortie=3  9 mordue(s), 0 muette(s)/erreur(s), 4 non mesurée(s)

[22/30] neutralisation\neutralize-s9.py …
    sortie=0  6 mordue(s), 0 muette(s)/erreur(s), 0 non mesurée(s)

[23/30] neutralisation\neutralize-solid-s1.py …
    sortie=0  2 mordue(s), 0 muette(s)/erreur(s), 0 non mesurée(s)

[24/30] neutralisation\neutralize-solid-s2.py …
    sortie=0  5 mordue(s), 0 muette(s)/erreur(s), 0 non mesurée(s)

[25/30] neutralisation\neutralize-solid-s3.py …
    sortie=0  6 mordue(s), 0 muette(s)/erreur(s), 0 non mesurée(s)

[26/30] neutralisation\neutralize-solid-s4.py …
    sortie=0  7 mordue(s), 0 muette(s)/erreur(s), 0 non mesurée(s)

[27/30] neutralisation\neutralize-solid-s5a.py …
    sortie=0  9 mordue(s), 0 muette(s)/erreur(s), 0 non mesurée(s)

[28/30] neutralisation\neutralize-solid-s5b.py …
    sortie=0  5 mordue(s), 0 muette(s)/erreur(s), 0 non mesurée(s)

[29/30] neutralisation\neutralize-solid-s6.py …
    sortie=3  2 mordue(s), 0 muette(s)/erreur(s), 4 non mesurée(s)

[30/30] neutralisation\neutralize-solid-s7.py …
    sortie=0  2 mordue(s), 0 muette(s)/erreur(s), 0 non mesurée(s)

================================================================================================
campagne                           sortie  décl  mord  muet  nonm   sec
================================================================================================
neutralize-404.py                       0     —    12     0     0   216
neutralize-act-plafonds.py              0     4     4     0     0    52
neutralize-argon2.py                    0     3     3     0     0    16
neutralize-available-on-api.py          0    13    13     0     0   103
neutralize-available-on.py              0     —    10     0     0   181
neutralize-b7.py                        0     3     3     0     0   205
neutralize-booking-status.py            0     3     3     0     0    15
neutralize-budgets.py                   0     4     4     0     0    31
neutralize-e3d1-s8.py                   3     3     3     0     5    30
neutralize-horizon.py                   0     —     6     0     0    98
neutralize-horloge.py                   0     2     2     0     0    53
neutralize-journey.py                   0     —     7     0     0   235
neutralize-maxprice.py                  0     —    10     0     0   179
neutralize-r25.py                       3     7     7     0     4    58
neutralize-r26.py                       3     0     0     0     2     0
neutralize-r4.py                        0     —     2     0     0    66
neutralize-rang23.py                    0    12    12     0     0   527
neutralize-s10a.py                      0    13    13     0     0    67
neutralize-s10b.py                      0    20    20     0     0    92
neutralize-s11a.py                      0    18    18     0     0    62
neutralize-s11b.py                      3     9     9     0     4    32
neutralize-s9.py                        0     6     6     0     0    44
neutralize-solid-s1.py                  0     2     2     0     0    30
neutralize-solid-s2.py                  0     5     5     0     0    32
neutralize-solid-s3.py                  0     6     6     0     0    24
neutralize-solid-s4.py                  0     —     7     0     0    28
neutralize-solid-s5a.py                 0     —     9     0     0    37
neutralize-solid-s5b.py                 0     —     5     0     0   278
neutralize-solid-s6.py                  3     2     2     0     4    10
neutralize-solid-s7.py                  0     —     2     0     0    98
================================================================================================
MESURÉ : 205 garde(s) mordue(s) · 0 muette(s)/erreur(s) · 19 non mesurée(s) · 30 campagne(s) · 2901s
journaux : .neutralisation-journaux/ (ignoré par git)
  ⚠ neutralisation\neutralize-e3d1-s8.py → sortie 3
  ⚠ neutralisation\neutralize-r25.py → sortie 3
  ⚠ neutralisation\neutralize-r26.py → sortie 3
  ⚠ neutralisation\neutralize-s11b.py → sortie 3
  ⚠ neutralisation\neutralize-solid-s6.py → sortie 3
